// Jest Snapshot v1, https://goo.gl/fbAQLP

exports[`<Form /> rendering render a label 1`] = `ShallowWrapper {}`;
